<?xml version="1.0" encoding="utf-8" standalone="yes"?>
<rss version="2.0" xmlns:atom="http://www.w3.org/2005/Atom">
  <channel>
    <title>Disk on UNIXETC</title>
    
    
    
    <link>/tags/disk/</link>
    <description>Recent content in Disk on UNIXETC</description>
    <generator>Hugo -- gohugo.io</generator>
    <language>zh-cn</language>
    <lastBuildDate>Thu, 19 Mar 2015 12:31:00 +0000</lastBuildDate>
    
	<atom:link href="/tags/disk/index.xml" rel="self" type="application/rss+xml" />
    
    
    <item>
      <title>fdisk分区实例</title>
      <link>/post/examples-of-fdisk-partition/</link>
      <pubDate>Thu, 19 Mar 2015 12:31:00 +0000</pubDate>
      
      <guid>/post/examples-of-fdisk-partition/</guid>
      <description>
        
          
          
          
        
        
        
          查看磁盘分区详情 直接使用fdisk -l 或者使用fdisk /dev/sda，再使用p命令来查看
Command (m for help): p Disk /dev/sda: 32.2 GB, 32212254720 bytes 255 heads, 63 sectors/track, 3916 cylinders, total 62914560 sectors Units = sectors of 1 * 512 = 512 bytes Sector size (logical/physical): 512 bytes / 512 bytes I/O size (minimum/optimal): 512 bytes / 512 bytes Disk identifier: 0x000657c3 Device Boot Start End Blocks Id System /dev/sda1 * 2048 61868031 30932992 83 Linux /dev/sda2 61870078 62912511 521217 5 Extended /dev/sda5 61870080 62912511 521216 82 Linux swap / Solaris  fdisk命令 fdisk有以下命令可用，其中常用的已简单说明
          
        
        </description>
    </item>
    
  </channel>
</rss>