<?xml version="1.0" encoding="utf-8" standalone="yes"?>
<rss version="2.0" xmlns:atom="http://www.w3.org/2005/Atom">
  <channel>
    <title>U盘 on UNIXETC</title>
    
    
    
    <link>/tags/u%E7%9B%98/</link>
    <description>Recent content in U盘 on UNIXETC</description>
    <generator>Hugo -- gohugo.io</generator>
    <language>zh-cn</language>
    <lastBuildDate>Thu, 11 Dec 2014 21:21:00 +0000</lastBuildDate>
    
	<atom:link href="/tags/u%E7%9B%98/index.xml" rel="self" type="application/rss+xml" />
    
    
    <item>
      <title>树莓派挂载U盘</title>
      <link>/post/raspberry-pi-mount-udisk-as-the-storage-partition/</link>
      <pubDate>Thu, 11 Dec 2014 21:21:00 +0000</pubDate>
      
      <guid>/post/raspberry-pi-mount-udisk-as-the-storage-partition/</guid>
      <description>
        
          
          
          
        
        
        
          树莓派用的是8g的TF卡，想作为小型NAS有点小，存不了多少东西，于是将一个闲置的32G U盘挂载上，当作存储分区
以下为操作过程：
查看磁盘信息
pi@raspberrypi ~ $ sudo fdisk -l Disk /dev/mmcblk0: 7990 MB, 7990149120 bytes 4 heads, 16 sectors/track, 243840 cylinders, total 15605760 sectors Units = sectors of 1 * 512 = 512 bytes Sector size (logical/physical): 512 bytes / 512 bytes I/O size (minimum/optimal): 512 bytes / 512 bytes Disk identifier: 0x000981cb Device Boot Start End Blocks Id System /dev/mmcblk0p1 8192 122879 57344 c W95 FAT32 (LBA) /dev/mmcblk0p2 122880 15605759 7741440 83 Linux Disk /dev/sda: 32.
          
        
        </description>
    </item>
    
  </channel>
</rss>